// Jest Snapshot v1, https://goo.gl/fbAQLP

exports[`Using core in tests 1`] = `
{
  "app": {
    "activeSphere": null,
    "hasSeenDeviceSettings": false,
    "hasSeenSwitchView": false,
    "hasZoomedOutForSphereOverview": false,
    "indoorLocalizationEnabled": true,
    "migratedDataToVersion": null,
    "notificationToken": null,
    "tapToToggleEnabled": false,
    "updatedAt": 1,
  },
  "devApp": {
    "fastPhone": false,
    "sphereUsedForSetup": "DEV_APP_SPHERE_ID",
    "storeCrownstonesInCloud": false,
  },
  "development": {
    "debugRTCtoken": null,
    "devAppVisible": false,
    "firmwareEarlyAccessLevel": 0,
    "log_advertisements": 50,
    "log_ble": 50,
    "log_cloud": 30,
    "log_constellation": 30,
    "log_dfu": 30,
    "log_events": 50,
    "log_info": 30,
    "log_native": 50,
    "log_nav": 30,
    "log_notifications": 30,
    "log_scheduler": 50,
    "log_store": 30,
    "logging_enabled": false,
    "nativeExtendedLogging": false,
    "preview": false,
    "show_rssi_values_in_mesh": false,
    "show_sync_button_in_behaviour": false,
    "useHighFrequencyScanningInBackground": false,
    "use_time_based_nonce": false,
  },
  "devices": {},
  "events": {
    "remove": {
      "behaviours": {},
      "devices": {},
      "fingerprints": {},
      "installations": {},
      "locations": {},
      "messages": {},
      "scenes": {},
      "stones": {},
      "user": {},
    },
    "special": {
      "behaviours": {},
      "devices": {},
      "fingerprints": {},
      "installations": {},
      "locations": {},
      "messages": {},
      "scenes": {},
      "stones": {},
      "user": {},
    },
  },
  "installations": {},
  "spheres": {
    "sphere_uuid2002-2003": {
      "config": {
        "cloudId": null,
        "iBeaconUUID": "uuid2004-2005",
        "latitude": null,
        "longitude": null,
        "name": "testSphere",
        "uid": null,
        "updatedAt": 1641038400000,
      },
      "features": {},
      "hubs": {},
      "id": "sphere_uuid2002-2003",
      "keys": {},
      "locations": {},
      "messages": {},
      "scenes": {},
      "sortedLists": {},
      "state": {
        "lastPresentTime": 0,
        "present": false,
        "reachable": false,
        "smartHomeEnabled": true,
      },
      "stones": {
        "stone_uuid2006-2007": {
          "abilities": {
            "dimming": {
              "cloudId": null,
              "enabled": false,
              "enabledTarget": false,
              "properties": {
                "softOnSpeed": {
                  "cloudId": null,
                  "syncedToCrownstone": true,
                  "type": "softOnSpeed",
                  "updatedAt": 1641038400000,
                  "value": 8,
                  "valueTarget": 8,
                },
              },
              "syncedToCrownstone": true,
              "type": "dimming",
              "updatedAt": 1641038400000,
            },
            "switchcraft": {
              "cloudId": null,
              "enabled": false,
              "enabledTarget": false,
              "properties": {
                "defaultDimValue": {
                  "cloudId": null,
                  "syncedToCrownstone": true,
                  "type": "defaultDimValue",
                  "updatedAt": 1641038400000,
                  "value": 0,
                  "valueTarget": 0,
                },
                "doubleTapSwitchcraft": {
                  "cloudId": null,
                  "syncedToCrownstone": true,
                  "type": "doubleTapSwitchcraft",
                  "updatedAt": 1641038400000,
                  "value": false,
                  "valueTarget": false,
                },
              },
              "syncedToCrownstone": true,
              "type": "switchcraft",
              "updatedAt": 1641038400000,
            },
            "tapToToggle": {
              "cloudId": null,
              "enabled": false,
              "enabledTarget": false,
              "properties": {
                "rssiOffset": {
                  "cloudId": null,
                  "syncedToCrownstone": true,
                  "type": "rssiOffset",
                  "updatedAt": 1641038400000,
                  "value": 0,
                  "valueTarget": 0,
                },
              },
              "syncedToCrownstone": true,
              "type": "tapToToggle",
              "updatedAt": 1641038400000,
            },
          },
          "behaviours": {},
          "config": {
            "bootloaderVersion": null,
            "cloudId": null,
            "description": "",
            "dfuResetRequired": false,
            "firmwareVersion": "5.4.0",
            "handle": "handle1",
            "hardwareVersion": null,
            "hidden": false,
            "iBeaconMajor": 56027,
            "iBeaconMinor": 56541,
            "icon": "c2-pluginFilled",
            "locationId": null,
            "locked": false,
            "macAddress": undefined,
            "name": "stone_uuid2009",
            "type": "PLUG",
            "uicr": null,
            "uid": 1,
            "updatedAt": 1641038400000,
          },
          "errors": {
            "dimmerOffFailure": false,
            "dimmerOnFailure": false,
            "hasError": false,
            "overCurrent": false,
            "overCurrentDimmer": false,
            "temperatureChip": false,
            "temperatureDimmer": false,
          },
          "id": "stone_uuid2006-2007",
          "keys": {},
          "lastUpdated": {
            "stoneTime": 0,
          },
          "reachability": {
            "lastSeen": null,
          },
          "state": {
            "behaviourOverridden": false,
            "currentUsage": 0,
            "dimmerReady": false,
            "powerFactor": null,
            "previousState": 0,
            "state": 0,
            "timeSet": false,
            "updatedAt": 1,
          },
        },
        "stone_uuid2014-2015": {
          "abilities": {
            "dimming": {
              "cloudId": null,
              "enabled": false,
              "enabledTarget": false,
              "properties": {
                "softOnSpeed": {
                  "cloudId": null,
                  "syncedToCrownstone": true,
                  "type": "softOnSpeed",
                  "updatedAt": 1641038400000,
                  "value": 8,
                  "valueTarget": 8,
                },
              },
              "syncedToCrownstone": true,
              "type": "dimming",
              "updatedAt": 1641038400000,
            },
            "switchcraft": {
              "cloudId": null,
              "enabled": false,
              "enabledTarget": false,
              "properties": {
                "defaultDimValue": {
                  "cloudId": null,
                  "syncedToCrownstone": true,
                  "type": "defaultDimValue",
                  "updatedAt": 1641038400000,
                  "value": 0,
                  "valueTarget": 0,
                },
                "doubleTapSwitchcraft": {
                  "cloudId": null,
                  "syncedToCrownstone": true,
                  "type": "doubleTapSwitchcraft",
                  "updatedAt": 1641038400000,
                  "value": false,
                  "valueTarget": false,
                },
              },
              "syncedToCrownstone": true,
              "type": "switchcraft",
              "updatedAt": 1641038400000,
            },
            "tapToToggle": {
              "cloudId": null,
              "enabled": false,
              "enabledTarget": false,
              "properties": {
                "rssiOffset": {
                  "cloudId": null,
                  "syncedToCrownstone": true,
                  "type": "rssiOffset",
                  "updatedAt": 1641038400000,
                  "value": 0,
                  "valueTarget": 0,
                },
              },
              "syncedToCrownstone": true,
              "type": "tapToToggle",
              "updatedAt": 1641038400000,
            },
          },
          "behaviours": {},
          "config": {
            "bootloaderVersion": null,
            "cloudId": null,
            "description": "",
            "dfuResetRequired": false,
            "firmwareVersion": "5.4.0",
            "handle": "handle2",
            "hardwareVersion": null,
            "hidden": false,
            "iBeaconMajor": 58083,
            "iBeaconMinor": 58597,
            "icon": "c2-pluginFilled",
            "locationId": null,
            "locked": false,
            "macAddress": undefined,
            "name": "stone_uuid2017",
            "type": "PLUG",
            "uicr": null,
            "uid": 2,
            "updatedAt": 1641038400000,
          },
          "errors": {
            "dimmerOffFailure": false,
            "dimmerOnFailure": false,
            "hasError": false,
            "overCurrent": false,
            "overCurrentDimmer": false,
            "temperatureChip": false,
            "temperatureDimmer": false,
          },
          "id": "stone_uuid2014-2015",
          "keys": {},
          "lastUpdated": {
            "stoneTime": 0,
          },
          "reachability": {
            "lastSeen": null,
          },
          "state": {
            "behaviourOverridden": false,
            "currentUsage": 0,
            "dimmerReady": false,
            "powerFactor": null,
            "previousState": 0,
            "state": 0,
            "timeSet": false,
            "updatedAt": 1,
          },
        },
        "stone_uuid2022-2023": {
          "abilities": {
            "dimming": {
              "cloudId": null,
              "enabled": false,
              "enabledTarget": false,
              "properties": {
                "softOnSpeed": {
                  "cloudId": null,
                  "syncedToCrownstone": true,
                  "type": "softOnSpeed",
                  "updatedAt": 1641038400000,
                  "value": 8,
                  "valueTarget": 8,
                },
              },
              "syncedToCrownstone": true,
              "type": "dimming",
              "updatedAt": 1641038400000,
            },
            "switchcraft": {
              "cloudId": null,
              "enabled": false,
              "enabledTarget": false,
              "properties": {
                "defaultDimValue": {
                  "cloudId": null,
                  "syncedToCrownstone": true,
                  "type": "defaultDimValue",
                  "updatedAt": 1641038400000,
                  "value": 0,
                  "valueTarget": 0,
                },
                "doubleTapSwitchcraft": {
                  "cloudId": null,
                  "syncedToCrownstone": true,
                  "type": "doubleTapSwitchcraft",
                  "updatedAt": 1641038400000,
                  "value": false,
                  "valueTarget": false,
                },
              },
              "syncedToCrownstone": true,
              "type": "switchcraft",
              "updatedAt": 1641038400000,
            },
            "tapToToggle": {
              "cloudId": null,
              "enabled": false,
              "enabledTarget": false,
              "properties": {
                "rssiOffset": {
                  "cloudId": null,
                  "syncedToCrownstone": true,
                  "type": "rssiOffset",
                  "updatedAt": 1641038400000,
                  "value": 0,
                  "valueTarget": 0,
                },
              },
              "syncedToCrownstone": true,
              "type": "tapToToggle",
              "updatedAt": 1641038400000,
            },
          },
          "behaviours": {},
          "config": {
            "bootloaderVersion": null,
            "cloudId": null,
            "description": "",
            "dfuResetRequired": false,
            "firmwareVersion": "5.4.0",
            "handle": "handle3",
            "hardwareVersion": null,
            "hidden": false,
            "iBeaconMajor": 60139,
            "iBeaconMinor": 60653,
            "icon": "c2-pluginFilled",
            "locationId": null,
            "locked": false,
            "macAddress": undefined,
            "name": "stone_uuid2025",
            "type": "PLUG",
            "uicr": null,
            "uid": 3,
            "updatedAt": 1641038400000,
          },
          "errors": {
            "dimmerOffFailure": false,
            "dimmerOnFailure": false,
            "hasError": false,
            "overCurrent": false,
            "overCurrentDimmer": false,
            "temperatureChip": false,
            "temperatureDimmer": false,
          },
          "id": "stone_uuid2022-2023",
          "keys": {},
          "lastUpdated": {
            "stoneTime": 0,
          },
          "reachability": {
            "lastSeen": null,
          },
          "state": {
            "behaviourOverridden": false,
            "currentUsage": 0,
            "dimmerReady": false,
            "powerFactor": null,
            "previousState": 0,
            "state": 0,
            "timeSet": false,
            "updatedAt": 1,
          },
        },
      },
      "thirdParty": {
        "toons": {},
      },
      "users": {},
    },
  },
  "user": {
    "accessToken": null,
    "appIdentifier": null,
    "betaAccess": false,
    "bootloaderVersionsAvailable": {},
    "developer": false,
    "email": null,
    "firmwareVersionsAvailable": {},
    "firstName": null,
    "isNew": true,
    "language": null,
    "lastName": null,
    "passwordHash": null,
    "picture": null,
    "pictureId": null,
    "seenTapToToggle": false,
    "seenTapToToggleDisabledDuringSetup": false,
    "updatedAt": 1,
    "uploadDeviceDetails": true,
    "uploadLocation": true,
    "uploadSwitchState": true,
    "userId": null,
  },
}
`;
