// Jest Snapshot v1, https://goo.gl/fbAQLP

exports[`Using core in tests 1`] = `
Object {
  "app": Object {
    "activeSphere": null,
    "hasSeenDeviceSettings": false,
    "hasSeenSwitchView": false,
    "hasZoomedOutForSphereOverview": false,
    "indoorLocalizationEnabled": true,
    "migratedDataToVersion": null,
    "notificationToken": null,
    "tapToToggleEnabled": false,
    "updatedAt": 1,
  },
  "devApp": Object {
    "fastPhone": false,
    "sphereUsedForSetup": "DEV_APP_SPHERE_ID",
    "storeCrownstonesInCloud": false,
  },
  "development": Object {
    "debugRTCtoken": null,
    "devAppVisible": false,
    "firmwareEarlyAccessLevel": 0,
    "log_advertisements": 50,
    "log_ble": 50,
    "log_cloud": 30,
    "log_constellation": 30,
    "log_dfu": 30,
    "log_events": 50,
    "log_info": 30,
    "log_native": 50,
    "log_nav": 30,
    "log_notifications": 30,
    "log_scheduler": 50,
    "log_store": 30,
    "logging_enabled": false,
    "nativeExtendedLogging": false,
    "preview": false,
    "show_rssi_values_in_mesh": false,
    "show_sync_button_in_behaviour": false,
    "use_time_based_nonce": false,
  },
  "devices": Object {},
  "events": Object {
    "remove": Object {
      "behaviours": Object {},
      "devices": Object {},
      "installations": Object {},
      "locations": Object {},
      "messages": Object {},
      "scenes": Object {},
      "stones": Object {},
      "user": Object {},
    },
    "special": Object {
      "behaviours": Object {},
      "devices": Object {},
      "installations": Object {},
      "locations": Object {},
      "messages": Object {},
      "scenes": Object {},
      "stones": Object {},
      "user": Object {},
    },
  },
  "installations": Object {},
  "spheres": Object {
    "sphere_uuid2002-2003": Object {
      "config": Object {
        "aiName": null,
        "cloudId": null,
        "iBeaconUUID": undefined,
        "latitude": null,
        "longitude": null,
        "name": "testSphere",
        "uid": null,
        "updatedAt": 1000000,
      },
      "hubs": Object {},
      "id": "sphere_uuid2002-2003",
      "keys": Object {},
      "locations": Object {},
      "messages": Object {},
      "scenes": Object {},
      "sortedLists": Object {},
      "state": Object {
        "lastPresentTime": 0,
        "newMessageFound": false,
        "present": false,
        "reachable": false,
        "smartHomeEnabled": true,
      },
      "stones": Object {
        "stone_uuid2004-2005": Object {
          "abilities": Object {
            "dimming": Object {
              "cloudId": null,
              "enabled": false,
              "enabledTarget": false,
              "properties": Object {
                "softOnSpeed": Object {
                  "cloudId": null,
                  "syncedToCrownstone": true,
                  "type": "softOnSpeed",
                  "updatedAt": 1000000,
                  "value": 8,
                  "valueTarget": 8,
                },
              },
              "syncedToCrownstone": true,
              "type": "dimming",
              "updatedAt": 1000000,
            },
            "switchcraft": Object {
              "cloudId": null,
              "enabled": false,
              "enabledTarget": false,
              "properties": Object {},
              "syncedToCrownstone": true,
              "type": "switchcraft",
              "updatedAt": 1000000,
            },
            "tapToToggle": Object {
              "cloudId": null,
              "enabled": false,
              "enabledTarget": false,
              "properties": Object {
                "rssiOffset": Object {
                  "cloudId": null,
                  "syncedToCrownstone": true,
                  "type": "rssiOffset",
                  "updatedAt": 1000000,
                  "value": 0,
                  "valueTarget": 0,
                },
              },
              "syncedToCrownstone": true,
              "type": "tapToToggle",
              "updatedAt": 1000000,
            },
          },
          "behaviours": Object {},
          "config": Object {
            "bootloaderVersion": null,
            "cloudId": null,
            "description": "",
            "dfuResetRequired": false,
            "firmwareVersion": "5.4.0",
            "handle": "handle_uuid2006",
            "hardwareVersion": null,
            "hidden": false,
            "iBeaconMajor": undefined,
            "iBeaconMinor": undefined,
            "icon": "c2-pluginFilled",
            "locationId": null,
            "locked": false,
            "macAddress": undefined,
            "name": "stone_uuid2007",
            "type": "PLUG",
            "uicr": null,
            "uid": 1,
            "updatedAt": 1000000,
          },
          "errors": Object {
            "dimmerOffFailure": false,
            "dimmerOnFailure": false,
            "hasError": false,
            "overCurrent": false,
            "overCurrentDimmer": false,
            "temperatureChip": false,
            "temperatureDimmer": false,
          },
          "id": "stone_uuid2004-2005",
          "keys": Object {},
          "lastUpdated": Object {
            "stoneTime": 0,
          },
          "reachability": Object {
            "lastSeen": null,
          },
          "state": Object {
            "behaviourOverridden": false,
            "currentUsage": 0,
            "dimmerReady": false,
            "powerFactor": null,
            "previousState": 0,
            "state": 0,
            "timeSet": false,
            "updatedAt": 1,
          },
        },
        "stone_uuid2008-2009": Object {
          "abilities": Object {
            "dimming": Object {
              "cloudId": null,
              "enabled": false,
              "enabledTarget": false,
              "properties": Object {
                "softOnSpeed": Object {
                  "cloudId": null,
                  "syncedToCrownstone": true,
                  "type": "softOnSpeed",
                  "updatedAt": 1000000,
                  "value": 8,
                  "valueTarget": 8,
                },
              },
              "syncedToCrownstone": true,
              "type": "dimming",
              "updatedAt": 1000000,
            },
            "switchcraft": Object {
              "cloudId": null,
              "enabled": false,
              "enabledTarget": false,
              "properties": Object {},
              "syncedToCrownstone": true,
              "type": "switchcraft",
              "updatedAt": 1000000,
            },
            "tapToToggle": Object {
              "cloudId": null,
              "enabled": false,
              "enabledTarget": false,
              "properties": Object {
                "rssiOffset": Object {
                  "cloudId": null,
                  "syncedToCrownstone": true,
                  "type": "rssiOffset",
                  "updatedAt": 1000000,
                  "value": 0,
                  "valueTarget": 0,
                },
              },
              "syncedToCrownstone": true,
              "type": "tapToToggle",
              "updatedAt": 1000000,
            },
          },
          "behaviours": Object {},
          "config": Object {
            "bootloaderVersion": null,
            "cloudId": null,
            "description": "",
            "dfuResetRequired": false,
            "firmwareVersion": "5.4.0",
            "handle": "handle_uuid2010",
            "hardwareVersion": null,
            "hidden": false,
            "iBeaconMajor": undefined,
            "iBeaconMinor": undefined,
            "icon": "c2-pluginFilled",
            "locationId": null,
            "locked": false,
            "macAddress": undefined,
            "name": "stone_uuid2011",
            "type": "PLUG",
            "uicr": null,
            "uid": 2,
            "updatedAt": 1000000,
          },
          "errors": Object {
            "dimmerOffFailure": false,
            "dimmerOnFailure": false,
            "hasError": false,
            "overCurrent": false,
            "overCurrentDimmer": false,
            "temperatureChip": false,
            "temperatureDimmer": false,
          },
          "id": "stone_uuid2008-2009",
          "keys": Object {},
          "lastUpdated": Object {
            "stoneTime": 0,
          },
          "reachability": Object {
            "lastSeen": null,
          },
          "state": Object {
            "behaviourOverridden": false,
            "currentUsage": 0,
            "dimmerReady": false,
            "powerFactor": null,
            "previousState": 0,
            "state": 0,
            "timeSet": false,
            "updatedAt": 1,
          },
        },
        "stone_uuid2012-2013": Object {
          "abilities": Object {
            "dimming": Object {
              "cloudId": null,
              "enabled": false,
              "enabledTarget": false,
              "properties": Object {
                "softOnSpeed": Object {
                  "cloudId": null,
                  "syncedToCrownstone": true,
                  "type": "softOnSpeed",
                  "updatedAt": 1000000,
                  "value": 8,
                  "valueTarget": 8,
                },
              },
              "syncedToCrownstone": true,
              "type": "dimming",
              "updatedAt": 1000000,
            },
            "switchcraft": Object {
              "cloudId": null,
              "enabled": false,
              "enabledTarget": false,
              "properties": Object {},
              "syncedToCrownstone": true,
              "type": "switchcraft",
              "updatedAt": 1000000,
            },
            "tapToToggle": Object {
              "cloudId": null,
              "enabled": false,
              "enabledTarget": false,
              "properties": Object {
                "rssiOffset": Object {
                  "cloudId": null,
                  "syncedToCrownstone": true,
                  "type": "rssiOffset",
                  "updatedAt": 1000000,
                  "value": 0,
                  "valueTarget": 0,
                },
              },
              "syncedToCrownstone": true,
              "type": "tapToToggle",
              "updatedAt": 1000000,
            },
          },
          "behaviours": Object {},
          "config": Object {
            "bootloaderVersion": null,
            "cloudId": null,
            "description": "",
            "dfuResetRequired": false,
            "firmwareVersion": "5.4.0",
            "handle": "handle_uuid2014",
            "hardwareVersion": null,
            "hidden": false,
            "iBeaconMajor": undefined,
            "iBeaconMinor": undefined,
            "icon": "c2-pluginFilled",
            "locationId": null,
            "locked": false,
            "macAddress": undefined,
            "name": "stone_uuid2015",
            "type": "PLUG",
            "uicr": null,
            "uid": 3,
            "updatedAt": 1000000,
          },
          "errors": Object {
            "dimmerOffFailure": false,
            "dimmerOnFailure": false,
            "hasError": false,
            "overCurrent": false,
            "overCurrentDimmer": false,
            "temperatureChip": false,
            "temperatureDimmer": false,
          },
          "id": "stone_uuid2012-2013",
          "keys": Object {},
          "lastUpdated": Object {
            "stoneTime": 0,
          },
          "reachability": Object {
            "lastSeen": null,
          },
          "state": Object {
            "behaviourOverridden": false,
            "currentUsage": 0,
            "dimmerReady": false,
            "powerFactor": null,
            "previousState": 0,
            "state": 0,
            "timeSet": false,
            "updatedAt": 1,
          },
        },
      },
      "thirdParty": Object {
        "hue": Object {},
        "toons": Object {},
      },
      "users": Object {},
    },
  },
  "user": Object {
    "accessToken": null,
    "appIdentifier": null,
    "betaAccess": false,
    "bootloaderVersionsAvailable": Object {},
    "developer": false,
    "email": null,
    "firmwareVersionsAvailable": Object {},
    "firstName": null,
    "isNew": true,
    "language": null,
    "lastName": null,
    "passwordHash": null,
    "picture": null,
    "pictureId": null,
    "seenTapToToggle": false,
    "seenTapToToggleDisabledDuringSetup": false,
    "updatedAt": 1,
    "uploadDeviceDetails": true,
    "uploadLocation": true,
    "uploadSwitchState": true,
    "userId": null,
  },
}
`;
